geometry cases=8 calls=24 forever=4294967295
case 0 500 10000 5
next 0 87628868 ok 461 1000 1
next 1 71072467 ok 466 2000 2
next 2 2332836374 ok 539 4000 3
next 3 2726892157 ok 2605 8000 4
next 4 3908547000 ok 2493 10000 5
next 5 483019191 exhausted 0 10000 5
next 6 2129828778 exhausted 0 10000 5
next 7 2355140353 exhausted 0 10000 5
next 8 2560230508 exhausted 0 10000 5
next 9 3364893915 exhausted 0 10000 5
next 10 171172990 exhausted 0 10000 5
next 11 3194601925 exhausted 0 10000 5
next 12 4148119648 exhausted 0 10000 5
next 13 316399679 exhausted 0 10000 5
next 14 3004788882 exhausted 0 10000 5
next 15 1976948425 exhausted 0 10000 5
next 16 1702883732 exhausted 0 10000 5
next 17 4121112547 exhausted 0 10000 5
next 18 1744294886 exhausted 0 10000 5
next 19 4092090893 exhausted 0 10000 5
next 20 4267815944 exhausted 0 10000 5
next 21 2850572231 exhausted 0 10000 5
next 22 1816322682 exhausted 0 10000 5
next 23 2147159953 exhausted 0 10000 5
case 1 1 1 8
next 0 1233879996 ok 0 1 1
next 1 1818069995 ok 1 1 2
next 2 2900471886 ok 0 1 3
next 3 667024213 ok 1 1 4
next 4 381260976 ok 0 1 5
next 5 3662258255 ok 1 1 6
next 6 1338151266 ok 0 1 7
next 7 30368089 ok 1 1 8
next 8 1987140324 exhausted 0 1 8
next 9 1252747507 exhausted 0 1 8
next 10 2460948918 exhausted 0 1 8
next 11 4132947357 exhausted 0 1 8
next 12 66423384 exhausted 0 1 8
next 13 3349023191 exhausted 0 1 8
next 14 1298144586 exhausted 0 1 8
next 15 1379265569 exhausted 0 1 8
next 16 4101641996 exhausted 0 1 8
next 17 2348607227 exhausted 0 1 8
next 18 2865868830 exhausted 0 1 8
next 19 2821642469 exhausted 0 1 8
next 20 2677552384 exhausted 0 1 8
next 21 692560991 exhausted 0 1 8
next 22 3990300210 exhausted 0 1 8
next 23 3296055273 exhausted 0 1 8
case 2 1 65535 20
next 0 1963087924 ok 0 2 1
next 1 3116770819 ok 1 4 2
next 2 1424954246 ok 1 8 3
next 3 3060815149 ok 1 16 4
next 4 2474128552 ok 11 32 5
next 5 3270283239 ok 3 64 6
next 6 1901546522 ok 57 128 7
next 7 884616369 ok 30 256 8
next 8 1962589788 ok 36 512 9
next 9 2885633547 ok 339 1024 10
next 10 2237719534 ok 9 2048 11
next 11 3748223605 ok 199 4096 12
next 12 1681926480 ok 1458 8192 13
next 13 3975605359 ok 1267 16384 14
next 14 3187945218 ok 14078 32768 15
next 15 613556857 ok 22870 65535 16
next 16 2942822788 ok 59780 65535 17
next 17 1503946515 ok 26387 65535 18
next 18 1538572630 ok 49494 65535 19
next 19 3406497981 ok 2237 65535 20
next 20 3421418232 exhausted 0 65535 20
next 21 756341239 exhausted 0 65535 20
next 22 511012586 exhausted 0 65535 20
next 23 1735446849 exhausted 0 65535 20
case 3 100 999 10
next 0 3756161452 ok 35 200 1
next 1 3107301659 ok 47 400 2
next 2 2301381566 ok 60 800 3
next 3 1063944197 ok 728 999 4
next 4 1683386784 ok 784 999 5
next 5 3736631423 ok 423 999 6
next 6 3493243858 ok 858 999 7
next 7 1596807433 ok 433 999 8
next 8 3575058132 ok 132 999 9
next 9 2973183011 ok 11 999 10
next 10 2268930854 exhausted 0 999 10
next 11 3846234189 exhausted 0 999 10
next 12 2711487816 exhausted 0 999 10
next 13 3952601095 exhausted 0 999 10
next 14 1648854458 exhausted 0 999 10
next 15 3364018641 exhausted 0 999 10
next 16 3544598780 exhausted 0 999 10
next 17 414257195 exhausted 0 999 10
next 18 2651907982 exhausted 0 999 10
next 19 2624276885 exhausted 0 999 10
next 20 482348528 exhausted 0 999 10
next 21 2485995663 exhausted 0 999 10
next 22 3818626210 exhausted 0 999 10
next 23 395342745 exhausted 0 999 10
case 4 0 1000 6
next 0 1187301412 ok 0 0 1
next 1 3350164787 ok 0 0 2
next 2 3137681654 ok 0 0 3
next 3 1617615837 ok 0 0 4
next 4 772483992 ok 0 0 5
next 5 1211546135 ok 0 0 6
next 6 3785003146 exhausted 0 0 6
next 7 1683572321 exhausted 0 0 6
next 8 3329961036 exhausted 0 0 6
next 9 3082976059 exhausted 0 0 6
next 10 388740958 exhausted 0 0 6
next 11 3169105701 exhausted 0 0 6
next 12 3617717824 exhausted 0 0 6
next 13 2402704543 exhausted 0 0 6
next 14 916455794 exhausted 0 0 6
next 15 3880022569 exhausted 0 0 6
next 16 1717966196 exhausted 0 0 6
next 17 880689731 exhausted 0 0 6
next 18 2915697350 exhausted 0 0 6
next 19 3525442413 exhausted 0 0 6
next 20 4294649320 exhausted 0 0 6
next 21 15880231 exhausted 0 0 6
next 22 2826669914 exhausted 0 0 6
next 23 94181105 exhausted 0 0 6
case 5 1000 100 6
next 0 1511400348 ok 458 100 1
next 1 469428811 ok 1 100 2
next 2 2195307310 ok 95 100 3
next 3 3918514357 ok 86 100 4
next 4 4234232464 ok 71 100 5
next 5 1307882671 ok 38 100 6
next 6 1458625090 exhausted 0 100 6
next 7 3994178745 exhausted 0 100 6
next 8 3878680260 exhausted 0 100 6
next 9 794071891 exhausted 0 100 6
next 10 3112730774 exhausted 0 100 6
next 11 2587836157 exhausted 0 100 6
next 12 1802695736 exhausted 0 100 6
next 13 1477159479 exhausted 0 100 6
next 14 4197941802 exhausted 0 100 6
next 15 3308735361 exhausted 0 100 6
next 16 2817273580 exhausted 0 100 6
next 17 1932221787 exhausted 0 100 6
next 18 2058875646 exhausted 0 100 6
next 19 2103803461 exhausted 0 100 6
next 20 1604508384 exhausted 0 100 6
next 21 1523142847 exhausted 0 100 6
next 22 4051379986 exhausted 0 100 6
next 23 1644370761 exhausted 0 100 6
case 6 250 4000 0
next 0 496462868 exhausted 0 250 0
next 1 2686675043 exhausted 0 250 0
next 2 2877141606 exhausted 0 250 0
next 3 1926997645 exhausted 0 250 0
next 4 3652687496 exhausted 0 250 0
next 5 604227655 exhausted 0 250 0
next 6 559638778 exhausted 0 250 0
next 7 2588992529 exhausted 0 250 0
next 8 2467450428 exhausted 0 250 0
next 9 2741294187 exhausted 0 250 0
next 10 1940086478 exhausted 0 250 0
next 11 1973344213 exhausted 0 250 0
next 12 2471216944 exhausted 0 250 0
next 13 1549086927 exhausted 0 250 0
next 14 2724980706 exhausted 0 250 0
next 15 526370265 exhausted 0 250 0
next 16 1330738532 exhausted 0 250 0
next 17 790348147 exhausted 0 250 0
next 18 2485557302 exhausted 0 250 0
next 19 5255709 exhausted 0 250 0
next 20 424545496 exhausted 0 250 0
next 21 3751520855 exhausted 0 250 0
next 22 1068778442 exhausted 0 250 0
next 23 3931300001 exhausted 0 250 0
case 7 250 4000 4294967295
next 0 400392588 ok 149 500 1
next 1 1526222715 ok 363 1000 2
next 2 2377711262 ok 927 2000 3
next 3 28628325 ok 18 4000 4
next 4 914425728 ok 1179 4000 5
next 5 628708575 ok 3438 4000 6
next 6 3308264626 ok 1767 4000 7
next 7 951145577 ok 3851 4000 8
next 8 55775924 ok 1984 4000 9
next 9 1420729987 ok 2894 4000 10
next 10 2537566726 ok 493 4000 11
next 11 1630921133 ok 1505 4000 12
next 12 2918930216 ok 666 4000 13
next 13 3117699175 ok 3946 4000 14
next 14 508498586 ok 3494 4000 15
next 15 417743153 ok 2744 4000 16
next 16 2615331036 ok 1367 4000 17
next 17 544657035 ok 905 4000 18
next 18 1683346030 ok 1299 4000 19
next 19 325089013 ok 3762 4000 20
next 20 1168612304 ok 224 4000 21
next 21 3310796015 ok 523 4000 22
next 22 1148503426 ok 372 4000 23
next 23 2260780793 ok 3740 4000 24
end
